cargo :    Compiling worker v0.1.0 (C:\code\kionas\worker)
At line:1 char:1
+ cargo build -p worker 2>&1 > build_output.txt; cat build_output.txt
+ ~~~~~~~~~~~~~~~~~~~~~~~~~~~~~~~~~~~~~~~~~~~~~
    + CategoryInfo          : NotSpecified: (   Compiling wo...\kionas\worker):String) [], Rem 
   oteException
    + FullyQualifiedErrorId : NativeCommandError
 
warning: enum `ConversionError` is never used
  --> worker\src\flight\conversion.rs:18:10
   |
18 | pub enum ConversionError {
   |          ^^^^^^^^^^^^^^^
   |
   = note: `#[warn(dead_code)]` (part of `#[warn(unused)]`) on by default

warning: struct `ConversionMetrics` is never constructed
  --> worker\src\flight\conversion.rs:50:12
   |
50 | pub struct ConversionMetrics {
   |            ^^^^^^^^^^^^^^^^^

warning: function `batch_to_flight_data` is never used
  --> worker\src\flight\conversion.rs:72:8
   |
72 | pub fn batch_to_flight_data(
   |        ^^^^^^^^^^^^^^^^^^^^

warning: function `flight_data_to_batch_stream` is never used
  --> worker\src\flight\conversion.rs:93:8
   |
93 | pub fn flight_data_to_batch_stream(
   |        ^^^^^^^^^^^^^^^^^^^^^^^^^^^

warning: function `collect_batches_with_metrics` is never used
   --> worker\src\flight\conversion.rs:111:14
    |
111 | pub async fn collect_batches_with_metrics(
    |              ^^^^^^^^^^^^^^^^^^^^^^^^^^^^

warning: function `conversion_error_to_status` is never used
   --> worker\src\flight\conversion.rs:164:8
    |
164 | pub fn conversion_error_to_status(error: ConversionError) -> Status {
    |        ^^^^^^^^^^^^^^^^^^^^^^^^^^

warning: `worker` (lib) generated 6 warnings
warning: `worker` (bin "worker") generated 6 warnings (6 duplicates)
    Finished `dev` profile [unoptimized + debuginfo] target(s) in 12.46s
